// Jest Snapshot v1, https://goo.gl/fbAQLP

exports[`Button snapshots 1`] = `
<button
  type="button"
>
  More
</button>
`;

exports[`Search snapshots 1`] = `
<form>
  <input
    placeholder="Search Here"
    type="text"
  />
  <button
    type="submit"
  >
    <i
      aria-hidden="true"
      className="fa fa-search"
    />
  </button>
  Â 
  <span
    className="rightSearch"
  >
    <span>
      Showing 
      <span
        className="subject"
      >
        all
      </span>
       stories
    </span>
  </span>
</form>
`;

exports[`Statistics snapshots 1`] = `
<div
  className="table visible"
>
  <div
    className="table-header"
  >
    <span
      style={
        Object {
          "width": "50%",
        }
      }
    >
      SEARCH KEY
    </span>
    <span
      style={
        Object {
          "width": "15%",
        }
      }
    >
      CREATION DATE
    </span>
    <span
      style={
        Object {
          "width": "15%",
        }
      }
    >
      HITS/DAY
    </span>
    <span
      style={
        Object {
          "width": "20%",
        }
      }
    >
      HITS/LAST WEEK
    </span>
  </div>
  <div
    className="table-row"
  >
    <span
      style={
        Object {
          "width": "50%",
        }
      }
    >
      <a
        className="subject"
      >
        fdfs
      </a>
    </span>
    <span
      style={
        Object {
          "width": "15%",
        }
      }
    >
      2021-10-23
    </span>
    <span
      style={
        Object {
          "width": "15%",
        }
      }
    >
      11413
    </span>
    <span
      style={
        Object {
          "width": "20%",
        }
      }
    >
      11412
    </span>
  </div>
  <div
    className="table-row"
  >
    <span
      style={
        Object {
          "width": "50%",
        }
      }
    >
      <a
        className="subject"
      >
        fdfs
      </a>
    </span>
    <span
      style={
        Object {
          "width": "15%",
        }
      }
    >
      2021-10-22
    </span>
    <span
      style={
        Object {
          "width": "15%",
        }
      }
    >
      11412
    </span>
    <span
      style={
        Object {
          "width": "20%",
        }
      }
    >
      11412
    </span>
  </div>
  <div
    className="table-row"
  >
    <span
      style={
        Object {
          "width": "50%",
        }
      }
    >
      <a
        className="subject"
      >
        fdfs
      </a>
    </span>
    <span
      style={
        Object {
          "width": "15%",
        }
      }
    >
      2021-10-21
    </span>
    <span
      style={
        Object {
          "width": "15%",
        }
      }
    >
      11411
    </span>
    <span
      style={
        Object {
          "width": "20%",
        }
      }
    >
      11412
    </span>
  </div>
  <div
    className="table-row"
  >
    <span
      style={
        Object {
          "width": "50%",
        }
      }
    >
      <a
        className="subject"
      >
        fdfs
      </a>
    </span>
    <span
      style={
        Object {
          "width": "15%",
        }
      }
    >
      2021-09-20
    </span>
    <span
      style={
        Object {
          "width": "15%",
        }
      }
    >
      11410
    </span>
    <span
      style={
        Object {
          "width": "20%",
        }
      }
    >
      0
    </span>
  </div>
</div>
`;

exports[`Table snapshots 1`] = `
<div
  className="table"
>
  <div
    className="table-header"
  >
    <span
      style={
        Object {
          "width": "30%",
        }
      }
    >
      <button
        className="button-inline"
        onClick={[Function]}
        type="button"
      >
        Title
      </button>
    </span>
    <span
      style={
        Object {
          "width": "30%",
        }
      }
    >
      <button
        className="button-inline"
        onClick={[Function]}
        type="button"
      >
        Author
      </button>
    </span>
    <span
      style={
        Object {
          "width": "15%",
        }
      }
    >
      <button
        className="button-inline"
        onClick={[Function]}
        type="button"
      >
        Comments
      </button>
    </span>
    <span
      style={
        Object {
          "width": "15%",
        }
      }
    >
      <button
        className="button-inline"
        onClick={[Function]}
        type="button"
      >
        Points
      </button>
    </span>
    <span
      style={
        Object {
          "width": "10%",
        }
      }
    >
      <button
        className="button-inline"
        onClick={[Function]}
        type="button"
      >
        Points
      </button>
    </span>
  </div>
  <div
    className="table-row"
  >
    <span
      style={
        Object {
          "width": "30%",
        }
      }
    >
      <a
        className="subject"
      >
        1
      </a>
    </span>
    <span
      style={
        Object {
          "width": "30%",
        }
      }
    >
      1
    </span>
    <span
      style={
        Object {
          "width": "15%",
        }
      }
    >
      1
    </span>
    <span
      style={
        Object {
          "width": "15%",
        }
      }
    >
      2
    </span>
    <span
      style={
        Object {
          "width": "10%",
        }
      }
    >
      <span>
        <button
          onClick={[Function]}
        >
          <i
            aria-hidden="true"
            className="fa fa-heart"
          />
        </button>
      </span>
    </span>
  </div>
  <div
    className="table-row"
  >
    <span
      style={
        Object {
          "width": "30%",
        }
      }
    >
      <a
        className="subject"
      >
        2
      </a>
    </span>
    <span
      style={
        Object {
          "width": "30%",
        }
      }
    >
      2
    </span>
    <span
      style={
        Object {
          "width": "15%",
        }
      }
    >
      1
    </span>
    <span
      style={
        Object {
          "width": "15%",
        }
      }
    >
      2
    </span>
    <span
      style={
        Object {
          "width": "10%",
        }
      }
    >
      <span>
        <button
          onClick={[Function]}
        >
          <i
            aria-hidden="true"
            className="fa fa-heart"
          />
        </button>
      </span>
    </span>
  </div>
</div>
`;
